// Jest Snapshot v1, https://goo.gl/fbAQLP

exports[`Adm é renderizado  1`] = `
<Provider
  store={
    Object {
      "clearActions": [Function],
      "dispatch": [Function],
      "getActions": [Function],
      "getState": [Function],
      "replaceReducer": [Function],
      "subscribe": [Function],
    }
  }
>
  <ToastProvider
    autoDismiss={false}
    autoDismissTimeout={5000}
    components={
      Object {
        "Toast": [Function],
        "ToastContainer": [Function],
      }
    }
    placement="bottom-right"
    transitionDuration={220}
  >
    <Adm>
      <h1>
        ==============VOCÊ É O IMPOSTOR========================================
      </h1>
      <h1>
        ⠀⠀⠀⠀⠀⠀⠀⠀⢀⣴⣿⡿⠛⠉⠙⠛⠛⠛⠛⠻⢿⣿⣷⣤⡀⠀⠀⠀⠀⠀ ⠀⠀⠀⠀⠀⠀⠀⠀⣼⣿⠋⠀⠀⠀⠀⠀⠀⠀⢀⣀⣀⠈⢻⣿⣿⡄ ⠀⠀⠀⠀⠀⠀⠀⣸⣿⡏⠀⠀⠀⣠⣶⣾⣿⣿⣿⠿⠿⠿⢿⣿⣿⣿⣄⠀⠀⠀ ⠀⠀⠀⠀⠀⠀⠀⣿⣿⠁⠀⠀⢰⣿⣿⣯⠁⠀⠀⠀⠀⠀⠀⠀⠈⠙⢿⣷⡄ ⠀⠀⣀⣤⣴⣶⣶⣿⡟⠀⠀⠀⢸⣿⣿⣿⣆⠀⠀⠀⠀⠀⠀⠀⠀⠀⠀⣿⣷⠀ ⠀⢰⣿⡟⠋⠉⣹⣿⡇⠀⠀⠀⠘⣿⣿⣿⣿⣷⣦⣤⣤⣤⣶⣶⣶⣶⣿⣿⣿ ⠀⢸⣿⡇⠀⠀⣿⣿⡇⠀⠀⠀⠀⠹⣿⣿⣿⣿⣿⣿⣿⣿⣿⣿⣿⣿⣿⡿⠃ ⠀⣸⣿⡇⠀⠀⣿⣿⡇⠀⠀⠀⠀⠀⠉⠻⠿⣿⣿⣿⣿⡿⠿⠿⠛⢻⣿⡇ ⠀⣿⣿⠁⠀⠀⣿⣿⡇⠀⠀⠀⠀⠀⠀⠀⠀⠀⠀⠀⠀⠀⠀⠀⠀⢸⣿⣧ ⠀⣿⣿⠀⠀⠀⣿⣿⡇⠀⠀⠀⠀⠀⠀⠀⠀⠀⠀⠀⠀⠀⠀⠀⠀⢸⣿⣿ ⠀⣿⣿⠀⠀⠀⣿⣿⡇⠀⠀⠀⠀⠀⠀⠀⠀⠀⠀⠀⠀⠀⠀⠀⠀⢸⣿⣿ ⠀⢿⣿⡆⠀⠀⣿⣿⡇⠀⠀⠀⠀⠀⠀⠀⠀⠀⠀⠀⠀⠀⠀⠀⠀⢸⣿⡇⠀⠀ ⠀⠸⣿⣧⡀⠀⣿⣿⡇⠀⠀⠀⠀⠀⠀⠀⠀⠀⠀⠀⠀⠀⠀⠀⠀⣿⣿⠃⠀ ⠀⠀⠛⢿⣿⣿⣿⣿⣇⠀⠀⠀⠀⠀⣰⣿⣿⣷⣶⣶⣶⣶⠶⠀⢠⣿⣿⠀⠀⠀ ⠀⠀⠀⠀⠀⠀⠀⣿⣿⠀⠀⠀⠀⠀⣿⣿⡇⠀⣽⣿⡏⠁⠀⠀⢸⣿⡇⠀⠀⠀ ⠀⠀⠀⠀⠀⠀⠀⣿⣿⠀⠀⠀⠀⠀⣿⣿⡇⠀⢹⣿⡆⠀⠀⠀⣸⣿⠇⠀⠀⠀ ⠀⠀⠀⠀⠀⠀⠀⢿⣿⣦⣄⣀⣠⣴⣿⣿⠁⠀⠈⠻⣿⣿⣿⣿⡿⠏⠀⠀⠀⠀ ⠀⠀⠀⠀⠀⠀⠀⠈⠛⠻⠿⠿⠿⠿⠋⠁⠀⠀⠀⠀⠀⠀⠀⠀⠀⠀⠀⠀⠀⠀⠀
      </h1>
    </Adm>
    <Portal
      containerInfo={
        <body>
          <div
            class="react-toast-notifications__container css-omekjv-ToastContainer"
          />
        </body>
      }
    >
      <ToastContainer
        hasToasts={false}
        placement="bottom-right"
      >
        <EmotionCssPropInternal
          __EMOTION_LABEL_PLEASE_DO_NOT_USE__="ToastContainer"
          __EMOTION_TYPE_PLEASE_DO_NOT_USE__="div"
          className="react-toast-notifications__container"
          css={
            Object {
              "bottom": 0,
              "boxSizing": "border-box",
              "maxHeight": "100%",
              "maxWidth": "100%",
              "overflow": "hidden",
              "padding": 8,
              "pointerEvents": "none",
              "position": "fixed",
              "right": 0,
              "zIndex": 1000,
            }
          }
        >
          <div
            className="react-toast-notifications__container css-omekjv-ToastContainer"
          >
            <TransitionGroup
              childFactory={[Function]}
              component={null}
            />
          </div>
        </EmotionCssPropInternal>
      </ToastContainer>
    </Portal>
  </ToastProvider>
</Provider>
`;
